C251 COMPILER V5.60.0,  imu660                                                             05/06/25  08:39:50  PAGE 1   


C251 COMPILER V5.60.0, COMPILATION OF MODULE imu660
OBJECT MODULE PLACED IN .\Objects\imu660.obj
COMPILER INVOKED BY: D:\APP\Rubbish\c251\C251\BIN\C251.EXE ..\CODE\imu660.c XSMALL INTR2 WARNINGLEVEL(3) BROWSE INCDIR(.
                    -.\CODE;..\USER;..\..\lib\zf_app;..\..\lib\zf_base;..\..\lib\zf_bsp) DEBUG PRINT(.\Listings\imu660.lst) TABS(2) OBJECT(.\
                    -Objects\imu660.obj) 

stmt  level    source

    1          #include "headfile.h"
    2          //float Single_Angle=0;
    3          float Single_Angle_Get(void)
    4          {
    5   1      //  imu660ra_get_gyro();
    6   1        return imu660ra_gyro_z * isr_time/ 65.6;
    7   1      }


Module Information          Static   Overlayable
------------------------------------------------
  code size            =        31     ------
  ecode size           =    ------     ------
  data size            =    ------     ------
  idata size           =    ------     ------
  pdata size           =    ------     ------
  xdata size           =    ------     ------
  xdata-const size     =    ------     ------
  edata size           =    ------     ------
  bit size             =    ------     ------
  ebit size            =    ------     ------
  bitaddressable size  =    ------     ------
  ebitaddressable size =    ------     ------
  far data size        =    ------     ------
  huge data size       =    ------     ------
  const size           =    ------     ------
  hconst size          =    ------     ------
End of Module Information.


C251 COMPILATION COMPLETE.  0 WARNING(S),  0 ERROR(S)
